// Jest Snapshot v1, https://goo.gl/fbAQLP

exports[`Search input component Input rendered correctly 1`] = `
<TextInput
  placeholder="Используйте английскую раскладку"
  style={
    Object {
      "backgroundColor": "#fff",
      "height": "100%",
      "padding": 10,
      "width": "85%",
    }
  }
/>
`;
